{
  metadata: {
    fileFormatVersion: '1',
  },
  results: [
    {
      cssSelector: 'html',
      htmlSnippet: '<html>',
      rule: 'document-title',
      urls: [
        'http://localhost:3000/examples/not-pdf.txt',
        'http://localhost:3000/examples/not-tagged-with-UA.pdf',
        'http://localhost:3000/examples/not-tagged-with-doctitle.pdf',
        'http://localhost:3000/examples/not-tagged-with-filename.pdf',
        'http://localhost:3000/examples/not-tagged-with-language.pdf',
        'http://localhost:3000/examples/not-tagged.pdf',
        'http://localhost:3000/examples/tagged-HTML-headings-PAC-2024-pass.pdf',
        'http://localhost:3000/examples/tagged-HTML-headings-chrome-espanol.pdf',
        'http://localhost:3000/examples/tagged-HTML-headings-chrome.pdf',
        'http://localhost:3000/examples/tagged-PAC2-pass.pdf',
        'http://localhost:3000/examples/tagged-no-UA-with-filename.pdf',
        'http://localhost:3000/examples/tagged-no-UA.pdf',
        'http://localhost:3000/examples/tagged-with-UA.pdf',
      ],
    },
    {
      cssSelector: 'html',
      htmlSnippet: '<html>',
      rule: 'html-has-lang',
      urls: [
        'http://localhost:3000/examples/not-pdf.txt',
        'http://localhost:3000/examples/not-tagged-with-UA.pdf',
        'http://localhost:3000/examples/not-tagged-with-doctitle.pdf',
        'http://localhost:3000/examples/not-tagged-with-filename.pdf',
        'http://localhost:3000/examples/not-tagged-with-language.pdf',
        'http://localhost:3000/examples/not-tagged.pdf',
        'http://localhost:3000/examples/tagged-HTML-headings-PAC-2024-pass.pdf',
        'http://localhost:3000/examples/tagged-HTML-headings-chrome-espanol.pdf',
        'http://localhost:3000/examples/tagged-HTML-headings-chrome.pdf',
        'http://localhost:3000/examples/tagged-PAC2-pass.pdf',
        'http://localhost:3000/examples/tagged-no-UA-with-filename.pdf',
        'http://localhost:3000/examples/tagged-no-UA.pdf',
        'http://localhost:3000/examples/tagged-with-UA.pdf',
      ],
    },
  ],
}